// Jest Snapshot v1, https://goo.gl/fbAQLP

exports[`App renders 1`] = `
<div
  className="app"
>
  <h1>
     Leddit! 
  </h1>
</div>
`;
